
> dentiva-pro@1.0.0 dist:win
> npm run build && electron-builder --win


> dentiva-pro@1.0.0 build
> vite build

[36mvite v6.4.3 [32mbuilding for production...[36m[39m
transforming...
[32m✓[39m 4 modules transformed.
rendering chunks...
computing gzip size...
[2mdist/[22m[32mindex.html                 [39m[1m[2m  0.68 kB[22m[1m[22m[2m │ gzip:  0.38 kB[22m
[2mdist/[22m[35massets/index-DaPiJ8_i.css  [39m[1m[2m 64.95 kB[22m[1m[22m[2m │ gzip: 12.36 kB[22m
[2mdist/[22m[36massets/index-CdP-AjuW.js   [39m[1m[2m148.81 kB[22m[1m[22m[2m │ gzip: 42.34 kB[22m
[32m✓ built in 433ms[39m
  • electron-builder  version=25.1.8 os=10.0.26100
  • artifacts will be published if draft release exists  reason=CI detected
  • loaded configuration  file=package.json ("build" field)
  • author is missed in the package.json  appPackageFile=D:\a\dentiva-pro\dentiva-pro\package.json
  • executing @electron/rebuild  electronVersion=33.4.11 arch=x64 buildFromSource=false appDir=./
  • installing native dependencies  arch=x64
  • completed installing native dependencies
  • packaging       platform=win32 arch=x64 electron=33.4.11 appOutDir=release\win-unpacked
  • downloading     url=https://github.com/electron/electron/releases/download/v33.4.11/electron-v33.4.11-win32-x64.zip size=115 MB parts=8
  • downloaded      url=https://github.com/electron/electron/releases/download/v33.4.11/electron-v33.4.11-win32-x64.zip duration=379ms
  • updating asar integrity executable resource  executablePath=release\win-unpacked\Dentiva Pro.exe
  • downloading     url=https://github.com/electron-userland/electron-builder-binaries/releases/download/winCodeSign-2.6.0/winCodeSign-2.6.0.7z size=5.6 MB parts=1
  • downloaded      url=https://github.com/electron-userland/electron-builder-binaries/releases/download/winCodeSign-2.6.0/winCodeSign-2.6.0.7z duration=327ms
  • signing with signtool.exe  path=release\win-unpacked\Dentiva Pro.exe
  • no signing info identified, signing is skipped  signHook=false cscInfo=null
  • building        target=portable file=release\Dentiva-Pro-1.0.0-Windows-x64.exe archs=x64
  • downloading     url=https://github.com/electron-userland/electron-builder-binaries/releases/download/nsis-3.0.4.1/nsis-3.0.4.1.7z size=1.3 MB parts=1
  • downloaded      url=https://github.com/electron-userland/electron-builder-binaries/releases/download/nsis-3.0.4.1/nsis-3.0.4.1.7z duration=263ms
  • signing with signtool.exe  path=release\win-unpacked\resources\elevate.exe
  • no signing info identified, signing is skipped  signHook=false cscInfo=null
  • downloading     url=https://github.com/electron-userland/electron-builder-binaries/releases/download/nsis-resources-3.4.1/nsis-resources-3.4.1.7z size=731 kB parts=1
  • downloaded      url=https://github.com/electron-userland/electron-builder-binaries/releases/download/nsis-resources-3.4.1/nsis-resources-3.4.1.7z duration=326ms
  • signing with signtool.exe  path=release\Dentiva-Pro-1.0.0-Windows-x64.exe
  • no signing info identified, signing is skipped  signHook=false cscInfo=null
  • building        target=nsis file=release\Dentiva-Pro-1.0.0-Windows-x64-Setup.exe archs=x64 oneClick=true perMachine=false
  ⨯ allowToChangeInstallationDirectory makes sense only for assisted installer (please set oneClick to false)
